  <log4j:Event logger="mixin" timestamp="1791158001244" level="INFO" thread="main">
    <log4j:Message><![CDATA[SpongePowered MIXIN Subsystem Version=0.8.7 Source=union:/<DADOS>/shared/libraries/net/fabricmc/sponge-mixin/0.15.2+mixin.0.8.7/sponge-mixin-0.15.2+mixin.0.8.7.jar%23121!/ Service=ModLauncher Env=CLIENT]]></log4j:Message>
  </log4j:Event>
  <log4j:Event logger="net.neoforged.fml.loading.moddiscovery.ModDiscoverer" timestamp="1791158001866" level="INFO" thread="main">
    <log4j:Message><![CDATA[Found gamelibrary file "mixinextras-neoforge-0.5.3.jar" [parent: neoforge-21.1.252-universal.jar, locator: jarinjar, reader: mod manifest]]]></log4j:Message>
  </log4j:Event>
  <log4j:Event logger="net.neoforged.fml.loading.moddiscovery.ModDiscoverer" timestamp="1791158001866" level="INFO" thread="main">
    <log4j:Message><![CDATA[Found library file "MixinSquared-0.3.7-beta.3.jar" [parent: mixinsquared-forge-0.3.7-beta.3.jar, locator: jarinjar]]]></log4j:Message>
  </log4j:Event>
  <log4j:Event logger="net.neoforged.fml.loading.moddiscovery.ModDiscoverer" timestamp="1791158001867" level="INFO" thread="main">
    <log4j:Message><![CDATA[Found gamelibrary file "mixinsquared-forge-0.3.7-beta.3.jar" [parent: supplementaries-1.21.1-3.9.9-neoforge.jar, locator: jarinjar, reader: mod manifest]]]></log4j:Message>
  </log4j:Event>
  <log4j:Event logger="net.neoforged.fml.loading.ModSorter" timestamp="1791158001931" level="ERROR" thread="main">
    <log4j:Message><![CDATA[Missing or unsupported mandatory dependencies:
	Mod ID: 'moonlight', Requested by: 'supplementaries', Expected range: '[1.21-3.6.4,]', Actual version: '[MISSING]']]></log4j:Message>
  </log4j:Event>
  <log4j:Event logger="cpw.mods.modlauncher.LaunchServiceHandler" timestamp="1791158002669" level="INFO" thread="main">
    <log4j:Message><![CDATA[Launching target 'forgeclient' with arguments [--version, neoforge-21.1.252, --gameDir, <DADOS>\instances\s-neo-dep-faltando, --assetsDir, <DADOS>\shared\assets, --uuid, <UUID>, --username, WardenTest, --assetIndex, 17, --accessToken, ❄❄❄❄❄❄❄❄, --clientId, , --xuid, , --userType, , --versionType, release]]]></log4j:Message>
  </log4j:Event>
WARN StatusCon<USUARIO>istener Error parsing URI <DADOS>\shared\assets\log_configs\client-1.12.xml
[19:53:26] [main/WARN] [os.ut.pl.wi.PerfDataUtil/]: Failed to add PDH Counter: \Paging File(_Total)\% Usage, Error code: 0xC0000BB8
[19:53:27] [pool-6-thread-1/INFO] [MixinExtras|Service/]: Initializing MixinExtras via com.llamalad7.mixinextras.service.MixinExtrasServiceImpl(version=0.5.3).
[19:53:32] [Render thread/INFO] [minecraft/Minecraft]: Setting user: WardenTest
[19:53:33] [Render thread/INFO] [minecraft/Minecraft]: Backend library: LWJGL version 3.3.3+5
[19:53:33] [Download-1/WARN] [mojang/YggdrasilMinecraftSessionService]: Couldn't look up profile properties for <UUID>
com.mojang.authlib.exceptions.MinecraftClientException: Failed to read from https://sessionserver.mojang.com/session/minecraft/profile/<UUID>?unsigned=false due to sessionserver.mojang.com
	at MC-BOOTSTRAP/authlib@6.0.54/com.mojang.authlib.minecraft.client.MinecraftClient.readInputStream(MinecraftClient.java:108) ~[authlib-6.0.54.jar%23147!/:?] {}
	at MC-BOOTSTRAP/authlib@6.0.54/com.mojang.authlib.minecraft.client.MinecraftClient.get(MinecraftClient.java:57) ~[authlib-6.0.54.jar%23147!/:?] {}
	at MC-BOOTSTRAP/authlib@6.0.54/com.mojang.authlib.yggdrasil.YggdrasilMinecraftSessionService.fetchProfileUncached(YggdrasilMinecraftSessionService.java:201) ~[authlib-6.0.54.jar%23147!/:?] {}
	at MC-BOOTSTRAP/authlib@6.0.54/com.mojang.authlib.yggdrasil.YggdrasilMinecraftSessionService.fetchProfile(YggdrasilMinecraftSessionService.java:171) ~[authlib-6.0.54.jar%23147!/:?] {}
	at TRANSFORMER/minecraft@1.21.1/net.minecraft.client.Minecraft.lambda$new$1(Minecraft.java:426) ~[client-1.21.1-20240808.144430-srg.jar%23189!/:?] {re:classloading,pl:runtimedistcleaner:A}
	at java.base/java.util.concurrent.CompletableFuture$AsyncSupply.run(CompletableFuture.java:1768) ~[?:?] {}
	at java.base/java.util.concurrent.ThreadPoolExecutor.runWorker(ThreadPoolExecutor.java:1144) ~[?:?] {}
	at java.base/java.util.concurrent.ThreadPoolExecutor$Worker.run(ThreadPoolExecutor.java:642) ~[?:?] {}
	at java.base/java.lang.Thread.run(Thread.java:1583) [?:?] {}
Caused by: java.net.UnknownHostException: sessionserver.mojang.com
	at java.base/sun.nio.ch.NioSocketImpl.connect(NioSocketImpl.java:567) ~[?:?] {}
	at java.base/java.net.SocksSocketImpl.connect(SocksSocketImpl.java:327) ~[?:?] {}
	at java.base/java.net.Socket.connect(Socket.java:751) ~[?:?] {}
	at java.base/sun.security.ssl.SSLSocketImpl.connect(SSLSocketImpl.java:304) ~[?:?] {}
	at java.base/sun.net.NetworkClient.doConnect(NetworkClient.java:178) ~[?:?] {}
	at java.base/sun.net.www.http.HttpClient.openServer(HttpClient.java:531) ~[?:?] {}
	at java.base/sun.net.www.http.HttpClient.openServer(HttpClient.java:636) ~[?:?] {}
	at java.base/sun.net.www.protocol.https.HttpsClient.<init>(HttpsClient.java:264) ~[?:?] {}
	at java.base/sun.net.www.protocol.https.HttpsClient.New(HttpsClient.java:377) ~[?:?] {}
	at java.base/sun.net.www.protocol.https.AbstractDelegateHttpsURLConnection.getNewHttpClient(AbstractDelegateHttpsURLConnection.java:193) ~[?:?] {}
	at java.base/sun.net.www.protocol.http.HttpURLConnection.plainConnect0(HttpURLConnection.java:1297) ~[?:?] {}
	at java.base/sun.net.www.protocol.http.HttpURLConnection.plainConnect(HttpURLConnection.java:1138) ~[?:?] {}
	at java.base/sun.net.www.protocol.https.AbstractDelegateHttpsURLConnection.connect(AbstractDelegateHttpsURLConnection.java:179) ~[?:?] {}
	at java.base/sun.net.www.protocol.http.HttpURLConnection.getInputStream0(HttpURLConnection.java:1690) ~[?:?] {}
	... (cortado no golden log)
[19:53:33] [Yggdrasil Key Fetcher/ERROR] [mojang/YggdrasilServicesKeyInfo]: Failed to request yggdrasil public key
com.mojang.authlib.exceptions.MinecraftClientException: Failed to read from https://api.minecraftservices.com/publickeys due to api.minecraftservices.com
	at MC-BOOTSTRAP/authlib@6.0.54/com.mojang.authlib.minecraft.client.MinecraftClient.readInputStream(MinecraftClient.java:108) ~[authlib-6.0.54.jar%23147!/:?] {}
	at MC-BOOTSTRAP/authlib@6.0.54/com.mojang.authlib.minecraft.client.MinecraftClient.get(MinecraftClient.java:57) ~[authlib-6.0.54.jar%23147!/:?] {}
	at MC-BOOTSTRAP/authlib@6.0.54/com.mojang.authlib.yggdrasil.YggdrasilServicesKeyInfo.fetch(YggdrasilServicesKeyInfo.java:114) ~[authlib-6.0.54.jar%23147!/:?] {}
	at MC-BOOTSTRAP/authlib@6.0.54/com.mojang.authlib.yggdrasil.YggdrasilServicesKeyInfo$1.run(YggdrasilServicesKeyInfo.java:89) ~[authlib-6.0.54.jar%23147!/:?] {}
	at java.base/java.util.concurrent.Executors$RunnableAdapter.call(Executors.java:572) ~[?:?] {}
	at java.base/java.util.concurrent.FutureTask.run(FutureTask.java:317) ~[?:?] {}
	at java.base/java.util.concurrent.ScheduledThreadPoolExecutor$ScheduledFutureTask.run(ScheduledThreadPoolExecutor.java:304) ~[?:?] {}
	at java.base/java.util.concurrent.ThreadPoolExecutor.runWorker(ThreadPoolExecutor.java:1144) ~[?:?] {}
	at java.base/java.util.concurrent.ThreadPoolExecutor$Worker.run(ThreadPoolExecutor.java:642) ~[?:?] {}
	at java.base/java.lang.Thread.run(Thread.java:1583) [?:?] {}
Caused by: java.net.UnknownHostException: api.minecraftservices.com
	at java.base/sun.nio.ch.NioSocketImpl.connect(NioSocketImpl.java:567) ~[?:?] {}
	at java.base/java.net.SocksSocketImpl.connect(SocksSocketImpl.java:327) ~[?:?] {}
	at java.base/java.net.Socket.connect(Socket.java:751) ~[?:?] {}
	at java.base/sun.security.ssl.SSLSocketImpl.connect(SSLSocketImpl.java:304) ~[?:?] {}
	at java.base/sun.net.NetworkClient.doConnect(NetworkClient.java:178) ~[?:?] {}
	at java.base/sun.net.www.http.HttpClient.openServer(HttpClient.java:531) ~[?:?] {}
	at java.base/sun.net.www.http.HttpClient.openServer(HttpClient.java:636) ~[?:?] {}
	at java.base/sun.net.www.protocol.https.HttpsClient.<init>(HttpsClient.java:264) ~[?:?] {}
	at java.base/sun.net.www.protocol.https.HttpsClient.New(HttpsClient.java:377) ~[?:?] {}
	at java.base/sun.net.www.protocol.https.AbstractDelegateHttpsURLConnection.getNewHttpClient(AbstractDelegateHttpsURLConnection.java:193) ~[?:?] {}
	at java.base/sun.net.www.protocol.http.HttpURLConnection.plainConnect0(HttpURLConnection.java:1297) ~[?:?] {}
	at java.base/sun.net.www.protocol.http.HttpURLConnection.plainConnect(HttpURLConnection.java:1138) ~[?:?] {}
	at java.base/sun.net.www.protocol.https.AbstractDelegateHttpsURLConnection.connect(AbstractDelegateHttpsURLConnection.java:179) ~[?:?] {}
	... (cortado no golden log)
[19:53:33] [Render thread/FATAL] [ne.ne.fm.ModLoader/CORE]: Error during pre-loading phase: Mod supplementaries requires moonlight 1.21-3.6.4 or above
Currently, moonlight is not installed

[19:53:36] [Render thread/WARN] [minecraft/SoundEngine]: Missing sound for event: minecraft:item.goat_horn.play
[19:53:36] [Render thread/WARN] [minecraft/SoundEngine]: Missing sound for event: minecraft:entity.goat.screaming.horn_break
[19:53:38] [Render thread/ERROR] [minecraft/CrashReport]: Negative index in crash report handler (0/28)
[19:53:38] [Render thread/FATAL] [ne.ne.ne.cl.lo.ClientModLoader/]: Crash report saved to <DADOS>\instances\s-neo-dep-faltando\crash-reports\crash-2026-10-04_19.53.38-fml.txt
---- Minecraft Crash Report ----
// Surprise! Haha. Well, this is awkward.

Time: 2026-10-04 19:53:38
Description: Mod loading failures have occurred; consult the issue messages for more details

net.neoforged.neoforge.logging.CrashReportExtender$ModLoadingCrashException: Mod loading has failed


A detailed walkthrough of the error, its code path and all known details is as follows:
---------------------------------------------------------------------------------------

-- Mod loading issue for: supplementaries --
Details:
	Mod file: /<DADOS>/instances/s-neo-dep-faltando/mods/supplementaries-1.21.1-3.9.9-neoforge.jar
	Failure message: Mod supplementaries requires moonlight 1.21-3.6.4 or above
		Currently, moonlight is not installed
		
	Mod version: 1.21.1-3.9.9
	Mod issues URL: https://github.com/MehVahdJukaar/supplementaries/issues
	Exception message: <No associated exception found>

-- System Details --
Details:
	Minecraft Version: 1.21.1
	Minecraft Version ID: 1.21.1
	... (cortado no golden log)
